<?xml version="1.0" encoding="utf-8"?><testsuites name="pytest tests"><testsuite name="pytest" errors="0" failures="0" skipped="0" tests="13" time="28.745" timestamp="2025-10-04T17:59:45.616550+01:00" hostname="Lilys-MacBook-Pro.local"><testcase classname="tests.test_data_profiling" name="test_simple_import" time="0.001" /><testcase classname="tests.test_data_profiling" name="test_data_profiling_initialization" time="9.791" /><testcase classname="tests.test_data_profiling" name="test_data_profiling_initialization_errors" time="0.001" /><testcase classname="tests.test_data_profiling" name="test_get_zero_percent" time="1.642" /><testcase classname="tests.test_data_profiling" name="test_get_statistics" time="0.311" /><testcase classname="tests.test_data_profiling" name="test_get_distinct_counts" time="9.902" /><testcase classname="tests.test_data_profiling" name="test_get_distribution_counts" time="0.232" /><testcase classname="tests.test_data_profiling" name="test_flag_outliers" time="0.586" /><testcase classname="tests.test_data_profiling" name="test_flag_outliers_with_invalid_columns" time="0.141" /><testcase classname="tests.test_data_profiling" name="test_flag_outliers_custom_factor" time="0.862" /><testcase classname="tests.test_data_profiling" name="test_empty_dataframe_handling" time="3.414" /><testcase classname="tests.test_data_profiling" name="test_categorical_and_numeric_column_identification" time="0.161" /><testcase classname="tests.test_data_profiling" name="test_column_exclusion_functionality" time="1.497" /></testsuite></testsuites>